// Jest Snapshot v1, https://goo.gl/fbAQLP

exports[`#Test Modal Component #Should Modal to mach snapshot 1`] = `
<div>
  <div
    className={undefined}
  >
    <div
      className=""
    >
      <button
        className={undefined}
        onClick={[Function]}
      >
        +
      </button>
      <div
        className={undefined}
      >
        <iframe
          allowFullScreen={true}
          frameBorder="0"
          height="310"
          src="https://www.youtube.com/embed/PmkDh39vWZw"
          width="560"
        />
      </div>
      <div
        className={undefined}
      >
        <span
          className={undefined}
          title="#012 - Vinicius Rossi | Drops | Front-End Week 2017"
        >
          #012 - Vinicius Rossi | Drops | Front-End Week 2017
        </span>
        <div
          className={undefined}
        >
          <i
            className="undefined fa fa-eye"
            title=""
          >
            <div
              className="hide"
            >
              <div
                className={undefined}
              >
                17 de julho de 2017
              </div>
              <div
                className={undefined}
              >
                <i
                  className="fa fa-caret-down"
                />
              </div>
            </div>
          </i>
          <i
            className="undefined tooltip fa fa-clock-o"
            data-views="data"
          >
            <div
              className="hide"
            >
              <div
                className={undefined}
              >
                136 views
              </div>
              <div
                className={undefined}
              >
                <i
                  className="fa fa-caret-down"
                />
              </div>
            </div>
          </i>
        </div>
        <p
          className={undefined}
        >
          Artigo do Vinicius Rossi sobre a Front-end Week SP: https://medium.com/@vinirossi9/da-trufa-ao-front-end-week-sp-2017-1471562ef70 Site Oficial com todos ...
        </p>
      </div>
    </div>
  </div>
</div>
`;
